run_id=1
random_seed=10001
node_count=100
simulation_time=600
area_size=200
node_speed=0.66
traffic_rate=275692bps
packet_size=405
source=18
destination=50
routing_protocol=DSR
mobility_model=RandomWalk2dMobilityModel
metrics_file=/Users/bistupaul/ns-3.48/results/csv/dsr_metrics_seed_10001_run_1.csv
mobility_file=/Users/bistupaul/ns-3.48/results/csv/dsr_mobility_seed_10001_run_1.csv
route_file=/Users/bistupaul/ns-3.48/results/csv/dsr_route_events_seed_10001_run_1.csv
animation_file=/Users/bistupaul/ns-3.48/results/animation/dsr_manet_seed_10001_run_1.xml
application_tx_packets=50883
application_rx_packets=50882
application_tx_bytes=20607615
application_rx_bytes=20607210
status=baseline_dsr_run_complete
