run_id=1
random_seed=1
node_count=150
simulation_time=100
area_size=500
node_speed=5
traffic_rate=2kbps
packet_size=512
source=0
destination=149
routing_protocol=DSR
mobility_model=RandomWalk2dMobilityModel
metrics_file=/Users/bistupaul/Movies/DISSERTATION/ns3/results/csv/dsr_metrics_seed_1_run_1.csv
mobility_file=/Users/bistupaul/Movies/DISSERTATION/ns3/results/csv/dsr_mobility_seed_1_run_1.csv
route_file=/Users/bistupaul/Movies/DISSERTATION/ns3/results/csv/dsr_route_events_seed_1_run_1.csv
animation_file=/Users/bistupaul/Movies/DISSERTATION/ns3/results/animation/dsr_manet_seed_1_run_1.xml
application_tx_packets=47
application_rx_packets=45
application_tx_bytes=24064
application_rx_bytes=23040
status=baseline_dsr_run_complete
